01111111
11111100
11111100
11111110
11111000
11111000
00000000
00000000
00000111
11111100
11111000
00000100
00000011
